[14:34:34] [ServerMain/INFO]: Environment: Environment[sessionHost=https://sessionserver.mojang.com, servicesHost=https://api.minecraftservices.com, name=PROD]
[14:34:38] [ServerMain/INFO]: Loaded 1174 recipes
[14:34:38] [ServerMain/INFO]: Loaded 1271 advancements
[14:34:38] [Server thread/INFO]: Starting minecraft server version 1.20.4
[14:34:38] [Server thread/WARN]: ****************************
[14:34:38] [Server thread/WARN]: YOU ARE RUNNING THIS SERVER AS AN ADMINISTRATIVE OR ROOT USER. THIS IS NOT ADVISED.
[14:34:38] [Server thread/WARN]: YOU ARE OPENING YOURSELF UP TO POTENTIAL RISKS WHEN DOING THIS.
[14:34:38] [Server thread/WARN]: FOR MORE INFORMATION, SEE https://madelinemiller.dev/blog/root-minecraft-server/
[14:34:38] [Server thread/WARN]: ****************************
[14:34:38] [Server thread/INFO]: Loading properties
[14:34:38] [Server thread/INFO]: This server is running Paper version git-Paper-499 (MC: 1.20.4) (Implementing API version 1.20.4-R0.1-SNAPSHOT) (Git: 9de3f75 on ver/1.20.4)
[14:34:40] [Server thread/INFO]: Server Ping Player Sample Count: 12
[14:34:40] [Server thread/INFO]: Using 4 threads for Netty based IO
[14:34:40] [Server thread/WARN]: [!] The timings profiler has been enabled but has been scheduled for removal from Paper in the future.
    We recommend installing the spark profiler as a replacement: https://spark.lucko.me/
    For more information please visit: https://github.com/PaperMC/Paper/issues/8948
[14:34:40] [Server thread/INFO]: [ChunkTaskScheduler] Chunk system is using 1 I/O threads, 1 worker threads, and gen parallelism of 1 threads
[14:34:41] [Server thread/INFO]: Default game type: SURVIVAL
[14:34:41] [Server thread/INFO]: Generating keypair
[14:34:41] [Server thread/INFO]: Starting Minecraft server on 0.0.0.0:25565
[14:34:41] [Server thread/INFO]: Using epoll channel type
[14:34:41] [Server thread/INFO]: Paper: Using libdeflate (Linux x86_64) compression from Velocity.
[14:34:41] [Server thread/INFO]: Paper: Using OpenSSL 3.0.x (Linux x86_64) cipher from Velocity.
[14:34:42] [Server thread/INFO]: [ViaVersion] Loading server plugin ViaVersion v5.11.0
[14:34:42] [Server thread/INFO]: [ViaVersion] ViaVersion 5.11.0 is now loaded. Registering protocol transformers and injecting...
[14:34:45] [Server thread/INFO]: [ViaBackwards] Loading translations...
[14:34:45] [Server thread/INFO]: [ViaBackwards] Registering protocols...
[14:34:46] [Server thread/INFO]: [PlaceholderAPI] Loading server plugin PlaceholderAPI v2.12.3
[14:34:47] [Server thread/INFO]: [ViaBackwards] Loading server plugin ViaBackwards v5.11.0
[14:34:47] [Server thread/INFO]: [SkinsRestorer] Loading server plugin SkinsRestorer v15.12.5
[14:34:47] [Server thread/INFO]: [Vault] Loading server plugin Vault v1.7.0
[14:34:47] [Server thread/INFO]: [JustTPA] Loading server plugin JustTPA v20260625-0111
[14:34:47] [Server thread/INFO]: [FarmProtection] Loading server plugin FarmProtection v1.0.0
[14:34:47] [Server thread/INFO]: [SetHome] Loading server plugin SetHome v6.2
[14:34:47] [Server thread/INFO]: [playit-gg] Loading server plugin playit-gg v0.2.0
[14:34:47] [Server thread/INFO]: [PatPatPlugin] Loading server plugin PatPatPlugin v1.2.5+0268419
[14:34:47] [Server thread/INFO]: [TreeAssist] Loading server plugin TreeAssist v7.3.69
[14:34:47] [Server thread/INFO]: [TreeAssist] Loading main config file: /config.yml
[14:34:47] [Server thread/WARN]: [TreeAssist] Invalid Material in TreeConfig default.yml - Node Ground Blocks entry invalid: minecraft:pale_moss_block
[14:34:47] [Server thread/WARN]: [TreeAssist] Invalid Material in TreeConfig default.yml - Node Natural Blocks entry invalid: minecraft:resin_clump
[14:34:47] [Server thread/WARN]: [TreeAssist] Invalid Material in TreeConfig default.yml - Node Natural Blocks entry invalid: minecraft:pale_hanging_moss
[14:34:47] [Server thread/WARN]: [TreeAssist] Invalid Material in TreeConfig default.yml - Node Natural Blocks entry invalid: minecraft:pale_moss_carpet
[14:34:47] [Server thread/WARN]: [TreeAssist] Invalid Material in TreeConfig default.yml - Node Natural Blocks entry invalid: minecraft:pale_moss_block
[14:34:47] [Server thread/WARN]: [TreeAssist] Invalid Material in TreeConfig default.yml - Node Natural Blocks entry invalid: minecraft:bush
[14:34:47] [Server thread/WARN]: [TreeAssist] Invalid Material in TreeConfig default.yml - Node Natural Blocks entry invalid: minecraft:cactus_flower
[14:34:47] [Server thread/WARN]: [TreeAssist] Invalid Material in TreeConfig default.yml - Node Natural Blocks entry invalid: minecraft:firefly_bush
[14:34:47] [Server thread/WARN]: [TreeAssist] Invalid Material in TreeConfig default.yml - Node Natural Blocks entry invalid: minecraft:leaf_litter
[14:34:47] [Server thread/WARN]: [TreeAssist] Invalid Material in TreeConfig default.yml - Node Natural Blocks entry invalid: minecraft:short_dry_grass
[14:34:47] [Server thread/WARN]: [TreeAssist] Invalid Material in TreeConfig default.yml - Node Natural Blocks entry invalid: minecraft:tall_dry_grass
[14:34:47] [Server thread/WARN]: [TreeAssist] Invalid Material in TreeConfig default.yml - Node Natural Blocks entry invalid: minecraft:wildflowers
[14:34:47] [Server thread/WARN]: [org.bukkit.craftbukkit.v1_20_R3.legacy.CraftLegacy] Initializing Legacy Material Support. Unless you have legacy plugins and/or data this is a bug!
[14:34:53] [Server thread/WARN]: [TreeAssist] No valid material minecraft:pale_oak_leaves in node Blocks.Custom Drops.Items.minecraft:pale_oak_leaves
[14:34:53] [Server thread/WARN]: [TreeAssist] No valid node: Blocks.Custom Drops.Items.minecraft:pale_oak_leaves
[14:34:53] [Server thread/WARN]: [TreeAssist] Invalid Material in TreeConfig pale_oak.yml - Node Blocks.Materials entry invalid: minecraft:pale_oak_leaves
[14:34:53] [Server thread/WARN]: [TreeAssist] Invalid Material in TreeConfig pale_oak.yml - Node Blocks.Materials entry invalid: minecraft:pale_hanging_moss
[14:34:53] [Server thread/WARN]: [TreeAssist] Invalid Material in TreeConfig pale_oak.yml - Node Ground Blocks entry invalid: minecraft:pale_moss_block
[14:34:53] [Server thread/WARN]: [TreeAssist] Invalid Material in TreeConfig pale_oak.yml - Node Trunk.Materials entry invalid: minecraft:creaking_heart
[14:34:53] [Server thread/WARN]: [TreeAssist] Invalid Material in TreeConfig pale_oak.yml - Node Trunk.Materials entry invalid: minecraft:pale_oak_log
[14:34:53] [Server thread/WARN]: [TreeAssist] Invalid Material in TreeConfig pale_oak.yml - Node Trunk.Materials entry invalid: minecraft:stripped_pale_oak_log
[14:34:53] [Server thread/WARN]: java.lang.NullPointerException: Cannot invoke "org.bukkit.Material.equals(Object)" because "replantMat" is null
[14:34:53] [Server thread/WARN]: 	at TreeAssist.jar//net.slipcor.treeassist.yml.TreeConfig.load(TreeConfig.java:307)
[14:34:53] [Server thread/WARN]: 	at TreeAssist.jar//net.slipcor.treeassist.discovery.TreeStructure.reloadTreeDefinitions(TreeStructure.java:894)
[14:34:53] [Server thread/WARN]: 	at TreeAssist.jar//net.slipcor.treeassist.TreeAssist.reloadLists(TreeAssist.java:444)
[14:34:53] [Server thread/WARN]: 	at TreeAssist.jar//net.slipcor.treeassist.TreeAssist.onLoad(TreeAssist.java:413)
[14:34:53] [Server thread/WARN]: 	at io.papermc.paper.plugin.storage.ServerPluginProviderStorage.processProvided(ServerPluginProviderStorage.java:59)
[14:34:53] [Server thread/WARN]: 	at io.papermc.paper.plugin.storage.ServerPluginProviderStorage.processProvided(ServerPluginProviderStorage.java:18)
[14:34:53] [Server thread/WARN]: 	at io.papermc.paper.plugin.storage.SimpleProviderStorage.enter(SimpleProviderStorage.java:39)
[14:34:53] [Server thread/WARN]: 	at io.papermc.paper.plugin.entrypoint.LaunchEntryPointHandler.enter(LaunchEntryPointHandler.java:36)
[14:34:53] [Server thread/WARN]: 	at org.bukkit.craftbukkit.v1_20_R3.CraftServer.loadPlugins(CraftServer.java:507)
[14:34:53] [Server thread/WARN]: 	at net.minecraft.server.dedicated.DedicatedServer.e(DedicatedServer.java:274)
[14:34:53] [Server thread/WARN]: 	at net.minecraft.server.MinecraftServer.w(MinecraftServer.java:1131)
[14:34:53] [Server thread/WARN]: 	at net.minecraft.server.MinecraftServer.lambda$spin$0(MinecraftServer.java:319)
[14:34:53] [Server thread/WARN]: 	at java.base/java.lang.Thread.run(Thread.java:1474)
[14:34:53] [Server thread/INFO]: [OnePlayerSleep] Loading server plugin OnePlayerSleep v4.0.1
[14:34:53] [Server thread/INFO]: [GSit] Loading server plugin GSit v3.5.1
[14:34:53] [Server thread/INFO]: [RexonBaltop] Loading server plugin RexonBaltop v1.0.0
[14:34:53] [Server thread/INFO]: [EconomyShopGUI] Loading server plugin EconomyShopGUI v7.2.0
[14:34:53] [Server thread/INFO]: [TAB] Loading server plugin TAB v6.1.0
[14:34:53] [Server thread/INFO]: Server permissions file permissions.yml is empty, ignoring it
[14:34:53] [Server thread/INFO]: [SkinsRestorer] Enabling SkinsRestorer v15.12.5
[14:34:54] [Server thread/INFO]: [SkinsRestorer] Running on Minecraft 1.20.4.
[14:34:55] [Server thread/INFO]: [SkinsRestorer] Using paper join listener!
[14:34:55] [Server thread/INFO]: [PlaceholderAPI] Successfully registered internal expansion: skinsrestorer [15.12.5]
[14:34:55] [Server thread/INFO]: [SkinsRestorer] PlaceholderAPI expansion registered!
[14:34:55] [Server thread/INFO]: [Vault] Enabling Vault v1.7.0
[14:34:55] [Folia Async Scheduler Thread #1/INFO]: [SkinsRestorer] ----------------------------------------------
[14:34:55] [Folia Async Scheduler Thread #1/INFO]: [SkinsRestorer]     +===================+
[14:34:55] [Folia Async Scheduler Thread #1/INFO]: [SkinsRestorer]     |   SkinsRestorer   |
[14:34:55] [Folia Async Scheduler Thread #1/INFO]: [SkinsRestorer]     |-------------------|
[14:34:55] [Folia Async Scheduler Thread #1/INFO]: [SkinsRestorer]     |  Standalone Mode  |
[14:34:55] [Folia Async Scheduler Thread #1/INFO]: [SkinsRestorer]     +===================+
[14:34:55] [Folia Async Scheduler Thread #1/INFO]: [SkinsRestorer] ----------------------------------------------
[14:34:55] [Folia Async Scheduler Thread #1/INFO]: [SkinsRestorer]     Version: 15.12.5
[14:34:55] [Folia Async Scheduler Thread #1/INFO]: [SkinsRestorer]     Commit: 98b9488
[14:34:55] [Folia Async Scheduler Thread #1/INFO]: [SkinsRestorer]     This is the latest version!
[14:34:55] [Folia Async Scheduler Thread #1/INFO]: [SkinsRestorer] ----------------------------------------------
[14:34:55] [Folia Async Scheduler Thread #1/INFO]: [SkinsRestorer] Do you have issues? Read our troubleshooting guide: https://skinsrestorer.net/docs/troubleshooting
[14:34:55] [Folia Async Scheduler Thread #1/INFO]: [SkinsRestorer] Want to support SkinsRestorer or receive priority support? Become a supporter: https://skinsrestorer.net/pricing
[14:34:55] [Server thread/INFO]: [PlaceholderAPI] Successfully registered internal expansion: vault [1.7.0]
[14:34:55] [Server thread/INFO]: [PlaceholderAPI] Successfully registered internal expansion: vault2 [1.7.0]
[14:34:55] [Server thread/INFO]: [Vault] PlaceholderAPI expansions registered: %vault_*% and %vault2_*%.
[14:34:55] [Server thread/INFO]: ==============================
[14:34:55] [Server thread/INFO]: Vault2.0
[14:34:55] [Server thread/INFO]: Version: 1.7.0
[14:34:55] [Server thread/INFO]: Status: ENABLED
[14:34:55] [Server thread/INFO]: ==============================
[14:34:55] [Server thread/INFO]: [Vault] Internal economy registered without depending on Vault.jar
[14:34:55] [Server thread/WARN]: **** SERVER IS RUNNING IN OFFLINE/INSECURE MODE!
[14:34:55] [Server thread/WARN]: The server will make no attempt to authenticate usernames. Beware.
[14:34:55] [Server thread/WARN]: While this makes the game possible to play without internet access, it also opens up the ability for hackers to connect with any username they choose.
[14:34:55] [Server thread/WARN]: To change this, set "online-mode" to "true" in the server.properties file.
[14:34:55] [Server thread/INFO]: Preparing level "world"
[14:34:56] [Server thread/INFO]: Preparing start region for dimension minecraft:overworld
[14:34:57] [Server thread/INFO]: Time elapsed: 623 ms
[14:34:57] [Server thread/INFO]: Preparing start region for dimension minecraft:the_nether
[14:34:57] [Server thread/INFO]: Time elapsed: 87 ms
[14:34:57] [Server thread/INFO]: Preparing start region for dimension minecraft:the_end
[14:34:57] [Server thread/INFO]: Time elapsed: 132 ms
[14:34:57] [Server thread/INFO]: [ViaVersion] Enabling ViaVersion v5.11.0
[14:34:57] [Server thread/INFO]: [ViaVersion] ViaVersion detected server version: 1.20.3-1.20.4 (765)
[14:34:57] [Server thread/INFO]: [PlaceholderAPI] Enabling PlaceholderAPI v2.12.3
[14:34:58] [Server thread/INFO]: [PlaceholderAPI] Fetching available expansion information...
[14:34:58] [Server thread/INFO]: [ViaBackwards] Enabling ViaBackwards v5.11.0
[14:34:58] [Server thread/INFO]: [JustTPA] Enabling JustTPA v20260625-0111
[14:34:58] [Server thread/INFO]: [JustTPA] bStats enabled
[14:34:58] [Server thread/INFO]: [FarmProtection] Enabling FarmProtection v1.0.0
[14:34:58] [Server thread/INFO]: [FarmProtection] Enabled FarmProtection
[14:34:58] [Server thread/INFO]: [SetHome] Enabling SetHome v6.2
[14:34:58] [Server thread/INFO]: [playit-gg] Enabling playit-gg v0.2.0
[14:35:00] [Thread-11/INFO]: [gg.playit.minecraft.PlayitKeysSetup] secret key found, checking
[14:35:00] [Thread-11/INFO]: [gg.playit.minecraft.PlayitKeysSetup] check secret
[14:35:00] [Server thread/INFO]: [PatPatPlugin] Enabling PatPatPlugin v1.2.5+0268419
[14:35:01] [Server thread/INFO]: [patpat-plugin] Plugin started
[14:35:01] [Server thread/INFO]: [TreeAssist] Enabling TreeAssist v7.3.69
[14:35:02] [Server thread/INFO]: [TreeAssist] sending full Metrics! You can deactivate this in the config.yml
[14:35:02] [Server thread/INFO]: [TreeAssist] debugging: off
[14:35:02] [Server thread/INFO]: [PlaceholderAPI] Successfully registered internal expansion: ta [0.0.1]
[14:35:02] [Server thread/INFO]: [OnePlayerSleep] Enabling OnePlayerSleep v4.0.1
[14:35:02] [Thread-12/INFO]: [TreeAssist] Checking for updates...
[14:35:02] [Server thread/INFO]: 
[14:35:02] [Server thread/INFO]: ╔══════════════════════════════════════════════════╗
[14:35:02] [Server thread/INFO]: ║                                                  ║
[14:35:02] [Server thread/INFO]: ║    ⭐ OnePlayerSleep v4.0.1 ⭐                ║
[14:35:02] [Server thread/INFO]: ║                                                  ║
[14:35:02] [Thread-11/INFO]: [gg.playit.minecraft.PlayitKeysSetup] secret verified, ready to connect
[14:35:02] [Server thread/INFO]: ║    Author: heyWaffie                           ║
[14:35:02] [Server thread/INFO]: ║    Server: git-Paper-499 (MC: 1              ║
[14:35:02] [Server thread/INFO]: ║                                                  ║
[14:35:02] [Server thread/INFO]: ╠══════════════════════════════════════════════════╣
[14:35:02] [Server thread/INFO]: ║                                                  ║
[14:35:02] [Server thread/INFO]: ║    ✓ Event Listeners → LOADED              ║
[14:35:02] [Thread-11/INFO]: [gg.playit.minecraft.PlayitManager] keys setup complete, ready to connect
[14:35:02] [Server thread/INFO]: ║    ✓ Commands → REGISTERED                  ║
[14:35:02] [Server thread/INFO]: ║    ✓ Configuration → INITIALIZED            ║
[14:35:02] [Server thread/INFO]: ║                                                  ║
[14:35:02] [Server thread/INFO]: ╠══════════════════════════════════════════════════╣
[14:35:02] [Server thread/INFO]: ║                                                  ║
[14:35:02] [Server thread/INFO]: ║    🌙 One Player Sleep → Enabled!          ║
[14:35:02] [Server thread/INFO]: ║    💤 Skip nights with just ONE player!      ║
[14:35:02] [Server thread/INFO]: ║                                                  ║
[14:35:02] [Server thread/INFO]: ╚══════════════════════════════════════════════════╝
[14:35:02] [Server thread/INFO]: 
[14:35:02] [Server thread/INFO]: [GSit] Enabling GSit v3.5.1
[14:35:02] [Server thread/INFO]: [PlaceholderAPI] Successfully registered internal expansion: gsit [3.5.1]
[14:35:03] [Thread-11/INFO]: [gg.playit.control.ChannelSetup] request queued, waiting 1 second before resend
[14:35:03] [Server thread/INFO]: [GSit] The plugin was successfully enabled.
[14:35:03] [Server thread/INFO]: [GSit] Link with PlaceholderAPI successful!
[14:35:03] [Server thread/INFO]: [RexonBaltop] Enabling RexonBaltop v1.0.0
[14:35:03] [Server thread/INFO]: [RexonBaltop] §e═══════════════════════════════════════
[14:35:03] [Server thread/INFO]: [RexonBaltop] §e│ Starting RexonBaltop v1.0.0
[14:35:03] [Server thread/INFO]: [RexonBaltop] §e│ File-based Baltop Plugin
[14:35:03] [Server thread/INFO]: [RexonBaltop] §e│ Developed by Rexon Network
[14:35:03] [Server thread/INFO]: [RexonBaltop] §e═══════════════════════════════════════
[14:35:03] [Server thread/INFO]: [RexonBaltop] §a✓ Configuration loaded successfully
[14:35:03] [Server thread/INFO]: [RexonBaltop] §a✓ Core managers initialized
[14:35:03] [Server thread/INFO]: [RexonBaltop] §a✓ File-based database initialized successfully
[14:35:03] [Server thread/INFO]: [RexonBaltop] §a✓ File-based database initialized successfully
[14:35:03] [Server thread/INFO]: [RexonBaltop] §a✓ Components initialized successfully
[14:35:03] [Server thread/INFO]: [PlaceholderAPI] Successfully registered internal expansion: rexonbaltop [1.0.0]
[14:35:03] [Server thread/INFO]: [RexonBaltop] §a✓ PlaceholderAPI hook registered
[14:35:03] [Server thread/INFO]: [RexonBaltop] §a✓ Auto-update task started (interval: 60s)
[14:35:03] [Server thread/INFO]: [RexonBaltop] §a═══════════════════════════════════════
[14:35:03] [Server thread/INFO]: [RexonBaltop] §a│ RexonBaltop enabled successfully!
[14:35:03] [Server thread/INFO]: [RexonBaltop] §a│ Using file-based storage system
[14:35:03] [Server thread/INFO]: [RexonBaltop] §a│ All systems operational
[14:35:03] [Server thread/INFO]: [RexonBaltop] §a═══════════════════════════════════════
[14:35:03] [Server thread/INFO]: [EconomyShopGUI] Enabling EconomyShopGUI v7.2.0
[14:35:04] [Server thread/INFO]: [EconomyShopGUI] [INFO]: Initializing paper meta...
[14:35:04] [Server thread/INFO]: [EconomyShopGUI] [INFO]: Using lang-en.yml as language file
[14:35:04] [Server thread/INFO]: [EconomyShopGUI] [INFO]: Completed loading 16 section configs from /sections/
[14:35:05] [Thread-11/INFO]: [gg.playit.minecraft.PlayitManager] found minecraft java tunnel: wills-bookmark.tun.ply.gg
[14:35:05] [Server thread/INFO]: [EconomyShopGUI] [INFO]: Completed loading 16 shop configs from /shops/
[14:35:05] [Server thread/INFO]: [EconomyShopGUI] [INFO]: Updating Shop settings...
[14:35:05] [Server thread/INFO]: [EconomyShopGUI] [INFO]: Successfully hooked into Vault and using VaultEconomy as economy provider
[14:35:05] [Server thread/INFO]: [EconomyShopGUI] [INFO]: Completed loading 1 economy provider(s) for all 14 shop sections.
[14:35:05] [Server thread/INFO]: [EconomyShopGUI] [INFO]: Using minecraft version 1.20.4...
[14:35:05] [Server thread/INFO]: [EconomyShopGUI] [INFO]: Spawner provider set to AUTO in config
[14:35:05] [Server thread/INFO]: [EconomyShopGUI] [INFO]: Automatically searching for compatible spawner provider....
[14:35:05] [Server thread/INFO]: [EconomyShopGUI] [INFO]: Failed to automatically find compatible spawner provider, using default...
[14:35:05] [Server thread/INFO]: [PlaceholderAPI] Successfully registered internal expansion: esgui [1.1.0]
[14:35:05] [Server thread/INFO]: [EconomyShopGUI] [INFO]: Debug mode is enabled.
[14:35:05] [Server thread/INFO]: [EconomyShopGUI] [INFO]: Loading all items...
[14:35:08] [Server thread/INFO]: [EconomyShopGUI] [INFO]: Initialized - Took 4221ms to complete
[14:35:08] [Server thread/INFO]: [TAB] Enabling TAB v6.1.0
[14:35:08] [Server thread/INFO]: [TAB] Found NMS implementation: me.neznamy.tab.platforms.bukkit.v1_20_R3.NMSImplementationProvider
[14:35:09] [Server thread/INFO]: [TAB] Enabled in 589ms
[14:35:09] [Server thread/INFO]: [PlaceholderAPI] Placeholder expansion registration initializing...
[14:35:09] [Server thread/INFO]: Running delayed init tasks
[14:35:09] [Craft Scheduler Thread - 6 - ViaVersion/INFO]: [ViaVersion] Finished mapping loading, shutting down loader executor.
[14:35:09] [Server thread/INFO]: [gg.playit.minecraft.PlayitPipelineInjector] injected playit header decoder into server channel: [id: 0xb7174d69, L:/[0:0:0:0:0:0:0:0%0]:25565]
[14:35:09] [Server thread/INFO]: [gg.playit.minecraft.PlayitBukkit] playit header decoder injected into server pipeline
[14:35:09] [Server thread/INFO]: Done (30.703s)! For help, type "help"
[14:35:09] [Server thread/INFO]: Timings Reset
[14:35:09] [Server thread/INFO]: 0 placeholder hook(s) registered!
[14:35:10] [Craft Scheduler Thread - 4 - JustTPA/INFO]: [JustTPA] You are using the latest version for your server.
[14:37:02] [Thread-11/INFO]: [gg.playit.minecraft.PlayitManager] got new client: NewClient{connectAddr=147.185.221.230:33778, peerAddr=103.138.120.41:64418, claimAddress=209.25.143.2:43784, claimToken=[44, 0, 103, -109, -71, -35, -26, -125, -14, 103, -118, 120, 41, -5, -94, 66, 90, -95, 44, -85, 8, 106, -128, 121, -114, 0, 0, 0, 0, 0, 39, 94, -12, 0, 0, 0, 0, 0, 100, -47, 34, 0, 0, 0, 0, 0, 67, -125, 39, 14, 12, -85, 8, 0, 0, 0, 0, 18, 0, 0, 0, 0, 0, 0, 0, 1, 0, 5, 0, 33, 32, 0, -3, 5, 25, 119, 105, 108, 108, 115, 45, 98, 111, 111, 107, 109, 97, 114, 107, 46, 116, 117, 110, 46, 112, 108, 121, 46, 103, 103, 99, -35, 1, -63, -127, -101, 78, -75, -104, 29, -106, -32, 70, -124, -27, 38, -103, -49, 58], tunnelServerId=0, tunnelId=4424487, dataCenterId=18, portOffset=0}
[14:37:02] [Thread-11/INFO]: [gg.playit.minecraft.PlayitManager] starting tcp tunnel for client
[14:37:02] [Thread-11/INFO]: [gg.playit.minecraft.PlayitTcpTunnel] start connection to /209.25.143.2:43784 to claim client
[14:37:02] [nioEventLoopGroup-2-1/INFO]: [gg.playit.minecraft.PlayitTcpTunnel] connected to tunnel server, sending claim token
[14:37:02] [nioEventLoopGroup-2-1/INFO]: [gg.playit.minecraft.PlayitTcpTunnel] claim token sent
[14:37:02] [nioEventLoopGroup-2-1/INFO]: [gg.playit.minecraft.PlayitTcpTunnel] connection to tunnel server has been established
[14:37:02] [nioEventLoopGroup-2-1/INFO]: [gg.playit.minecraft.PlayitTcpTunnel] connecting to minecraft server at /0.0.0.0:25565
[14:37:02] [nioEventLoopGroup-2-2/INFO]: [gg.playit.minecraft.PlayitTcpTunnel] connected to local minecraft server
[14:37:02] [Netty Epoll Server IO #1/INFO]: [gg.playit.minecraft.PlayitHeaderDecoder] parsed playit header, true client IP: /103.138.120.41:64418
[14:37:02] [Netty Epoll Server IO #1/WARN]: [gg.playit.minecraft.PlayitHeaderDecoder] could not find NetworkManager handler to update address
[14:37:05] [Thread-11/INFO]: [gg.playit.minecraft.PlayitManager] got new client: NewClient{connectAddr=147.185.221.230:33778, peerAddr=103.138.120.41:64421, claimAddress=209.25.143.2:43784, claimToken=[44, 0, 104, -109, -71, -35, -26, -125, -14, 103, -118, 120, 41, -5, -91, -124, 14, -88, 90, -85, 8, 106, -128, 121, -111, 0, 0, 0, 0, 0, 39, 94, -12, 0, 0, 0, 0, 0, 100, -47, 34, 0, 0, 0, 0, 0, 67, -125, 39, -7, 57, -85, 8, 0, 0, 0, 0, 18, 0, 0, 0, 0, 0, 0, 0, 1, 0, 4, 0, 34, 33, 0, -3, 5, 26, 119, 105, 108, 108, 115, 45, 98, 111, 111, 107, 109, 97, 114, 107, 46, 116, 117, 110, 46, 112, 108, 121, 46, 103, 103, 46, -125, -14, 2, 19, 100, 44, -119, 55, 124, 122, 62, 95, -46, -7, -104, 43, -60, -54, -8], tunnelServerId=0, tunnelId=4424487, dataCenterId=18, portOffset=0}
[14:37:05] [Thread-11/INFO]: [gg.playit.minecraft.PlayitManager] starting tcp tunnel for client
[14:37:05] [Thread-11/INFO]: [gg.playit.minecraft.PlayitTcpTunnel] start connection to /209.25.143.2:43784 to claim client
[14:37:05] [nioEventLoopGroup-2-3/INFO]: [gg.playit.minecraft.PlayitTcpTunnel] connected to tunnel server, sending claim token
[14:37:05] [nioEventLoopGroup-2-3/INFO]: [gg.playit.minecraft.PlayitTcpTunnel] claim token sent
[14:37:05] [nioEventLoopGroup-2-3/INFO]: [gg.playit.minecraft.PlayitTcpTunnel] connection to tunnel server has been established
[14:37:05] [nioEventLoopGroup-2-3/INFO]: [gg.playit.minecraft.PlayitTcpTunnel] connecting to minecraft server at /0.0.0.0:25565
[14:37:05] [nioEventLoopGroup-2-4/INFO]: [gg.playit.minecraft.PlayitTcpTunnel] connected to local minecraft server
[14:37:05] [Netty Epoll Server IO #2/INFO]: [gg.playit.minecraft.PlayitHeaderDecoder] parsed playit header, true client IP: /103.138.120.41:64421
[14:37:05] [Netty Epoll Server IO #2/WARN]: [gg.playit.minecraft.PlayitHeaderDecoder] could not find NetworkManager handler to update address
[14:37:05] [User Authenticator #0/INFO]: UUID of player ROFIOUS is 9e719473-443e-3d6e-bead-d220ff3de96c
[14:37:06] [Server thread/INFO]: Environment: Environment[sessionHost=https://sessionserver.mojang.com, servicesHost=https://api.minecraftservices.com, name=PROD]
[14:37:06] [Server thread/INFO]: ROFIOUS joined the game
[14:37:06] [TAB Processing Thread/INFO]: [TAB] [WARN] Player ROFIOUS's group (none) is not in sorting list! Sorting list: owner,admin,mod,helper,builder,vip,default. Player will be sorted on the bottom.
[14:37:06] [Server thread/INFO]: ROFIOUS[/127.0.0.1:50442] logged in with entity id 74 at ([world]2816.3984475593497, 65.0, -361.178272363139)
[14:38:10] [Server thread/INFO]: ROFIOUS issued server command: /sellgui
[14:38:12] [Server thread/INFO]: Shop >> ROFIOUS sold 2x Sculk Sensor(Redstone.page1.items.30) for $62.50 with the sell gui.
[14:39:05] [Thread-11/INFO]: [gg.playit.control.ChannelSetup] send keep alive
[14:39:52] [Server thread/INFO]: ROFIOUS issued server command: /ah
[14:40:17] [Server thread/INFO]: ROFIOUS issued server command: /shop
[14:41:07] [Server thread/INFO]: Set the weather to clear
[14:41:24] [Server thread/INFO]: ROFIOUS issued server command: /baltop
[14:42:27] [Thread-11/INFO]: [gg.playit.minecraft.PlayitManager] got new client: NewClient{connectAddr=147.185.221.230:33778, peerAddr=103.68.4.255:56404, claimAddress=209.25.143.2:43784, claimToken=[44, 0, 103, -109, -71, -35, -26, -125, -14, 103, 68, 4, -1, -36, 84, -124, -122, -115, 101, -85, 8, 106, -128, 122, -45, 0, 0, 0, 0, 0, 39, 94, -12, 0, 0, 0, 0, 0, 100, -47, 34, 0, 0, 0, 0, 0, 67, -125, 39, 88, 69, -85, 8, 0, 0, 0, 0, 2, 0, 0, 0, 0, 0, 0, 0, 3, 0, 13, 0, 33, 32, 0, -121, 6, 25, 119, 105, 108, 108, 115, 45, 98, 111, 111, 107, 109, 97, 114, 107, 46, 116, 117, 110, 46, 112, 108, 121, 46, 103, 103, 99, -35, 1, 36, 47, -72, -38, 54, 72, 21, -71, 43, 111, 67, 1, 33, 26, -93, 64], tunnelServerId=0, tunnelId=4424487, dataCenterId=2, portOffset=0}
[14:42:27] [Thread-11/INFO]: [gg.playit.minecraft.PlayitManager] starting tcp tunnel for client
[14:42:27] [Thread-11/INFO]: [gg.playit.minecraft.PlayitTcpTunnel] start connection to /209.25.143.2:43784 to claim client
[14:42:27] [nioEventLoopGroup-2-1/INFO]: [gg.playit.minecraft.PlayitTcpTunnel] connected to tunnel server, sending claim token
[14:42:27] [nioEventLoopGroup-2-1/INFO]: [gg.playit.minecraft.PlayitTcpTunnel] claim token sent
[14:42:27] [nioEventLoopGroup-2-1/INFO]: [gg.playit.minecraft.PlayitTcpTunnel] connection to tunnel server has been established
[14:42:27] [nioEventLoopGroup-2-1/INFO]: [gg.playit.minecraft.PlayitTcpTunnel] connecting to minecraft server at /0.0.0.0:25565
[14:42:27] [nioEventLoopGroup-2-2/INFO]: [gg.playit.minecraft.PlayitTcpTunnel] connected to local minecraft server
[14:42:27] [Netty Epoll Server IO #3/INFO]: [gg.playit.minecraft.PlayitHeaderDecoder] parsed playit header, true client IP: /103.68.4.255:56404
[14:42:27] [Netty Epoll Server IO #3/WARN]: [gg.playit.minecraft.PlayitHeaderDecoder] could not find NetworkManager handler to update address
[14:43:06] [Thread-11/INFO]: [gg.playit.control.ChannelSetup] send keep alive
[14:43:24] [Server thread/INFO]: ROFIOUS issued server command: /shop
[14:43:26] [Thread-11/INFO]: [gg.playit.minecraft.PlayitManager] got new client: NewClient{connectAddr=147.185.221.230:33778, peerAddr=103.216.57.137:63843, claimAddress=209.25.143.2:43784, claimToken=[44, 0, 103, -109, -71, -35, -26, -125, -14, 103, -40, 57, -119, -7, 99, -24, 45, 0, 117, -85, 8, 106, -128, 123, 14, 0, 0, 0, 0, 0, 39, 94, -12, 0, 0, 0, 0, 0, 100, -47, 34, 0, 0, 0, 0, 0, 67, -125, 39, 83, 85, -85, 8, 0, 0, 0, 0, 2, 0, 0, 0, 0, 0, 0, 0, 3, 0, 7, 0, 33, 32, 0, -3, 5, 25, 119, 105, 108, 108, 115, 45, 98, 111, 111, 107, 109, 97, 114, 107, 46, 116, 117, 110, 46, 112, 108, 121, 46, 103, 103, 99, -35, 1, -82, -111, -66, 24, -17, 49, 52, -54, 117, 45, 51, 88, 86, 13, -75, 19], tunnelServerId=0, tunnelId=4424487, dataCenterId=2, portOffset=0}
[14:43:26] [Thread-11/INFO]: [gg.playit.minecraft.PlayitManager] starting tcp tunnel for client
[14:43:26] [Thread-11/INFO]: [gg.playit.minecraft.PlayitTcpTunnel] start connection to /209.25.143.2:43784 to claim client
[14:43:26] [nioEventLoopGroup-2-3/INFO]: [gg.playit.minecraft.PlayitTcpTunnel] connected to tunnel server, sending claim token
[14:43:26] [nioEventLoopGroup-2-3/INFO]: [gg.playit.minecraft.PlayitTcpTunnel] claim token sent
[14:43:26] [nioEventLoopGroup-2-3/INFO]: [gg.playit.minecraft.PlayitTcpTunnel] connection to tunnel server has been established
[14:43:26] [nioEventLoopGroup-2-3/INFO]: [gg.playit.minecraft.PlayitTcpTunnel] connecting to minecraft server at /0.0.0.0:25565
[14:43:26] [nioEventLoopGroup-2-4/INFO]: [gg.playit.minecraft.PlayitTcpTunnel] connected to local minecraft server
[14:43:26] [Netty Epoll Server IO #0/INFO]: [gg.playit.minecraft.PlayitHeaderDecoder] parsed playit header, true client IP: /103.216.57.137:63843
[14:43:26] [Netty Epoll Server IO #0/WARN]: [gg.playit.minecraft.PlayitHeaderDecoder] could not find NetworkManager handler to update address
[14:43:41] [Server thread/INFO]: No entity was found
[14:43:44] [Thread-11/INFO]: [gg.playit.minecraft.PlayitManager] got new client: NewClient{connectAddr=147.185.221.230:33778, peerAddr=103.216.57.137:63844, claimAddress=209.25.143.2:43784, claimToken=[44, 0, 104, -109, -71, -35, -26, -125, -14, 103, -40, 57, -119, -7, 100, 81, -67, 62, -68, -85, 8, 106, -128, 123, 32, 0, 0, 0, 0, 0, 39, 94, -12, 0, 0, 0, 0, 0, 100, -47, 34, 0, 0, 0, 0, 0, 67, -125, 39, 48, -101, -85, 8, 0, 0, 0, 0, 2, 0, 0, 0, 0, 0, 0, 0, 3, 0, 3, 0, 34, 33, 0, -3, 5, 26, 119, 105, 108, 108, 115, 45, 98, 111, 111, 107, 109, 97, 114, 107, 46, 116, 117, 110, 46, 112, 108, 121, 46, 103, 103, 46, -125, -14, 2, 71, -91, -77, 120, -88, 47, 37, 113, -13, -79, -89, 30, 120, -7, -117, 82], tunnelServerId=0, tunnelId=4424487, dataCenterId=2, portOffset=0}
[14:43:44] [Thread-11/INFO]: [gg.playit.minecraft.PlayitManager] starting tcp tunnel for client
[14:43:44] [Thread-11/INFO]: [gg.playit.minecraft.PlayitTcpTunnel] start connection to /209.25.143.2:43784 to claim client
[14:43:44] [nioEventLoopGroup-2-1/INFO]: [gg.playit.minecraft.PlayitTcpTunnel] connected to tunnel server, sending claim token
[14:43:44] [nioEventLoopGroup-2-1/INFO]: [gg.playit.minecraft.PlayitTcpTunnel] claim token sent
[14:43:44] [nioEventLoopGroup-2-1/INFO]: [gg.playit.minecraft.PlayitTcpTunnel] connection to tunnel server has been established
[14:43:44] [nioEventLoopGroup-2-1/INFO]: [gg.playit.minecraft.PlayitTcpTunnel] connecting to minecraft server at /0.0.0.0:25565
[14:43:44] [nioEventLoopGroup-2-2/INFO]: [gg.playit.minecraft.PlayitTcpTunnel] connected to local minecraft server
[14:43:44] [Netty Epoll Server IO #1/INFO]: [gg.playit.minecraft.PlayitHeaderDecoder] parsed playit header, true client IP: /103.216.57.137:63844
[14:43:44] [Netty Epoll Server IO #1/WARN]: [gg.playit.minecraft.PlayitHeaderDecoder] could not find NetworkManager handler to update address
[14:43:44] [User Authenticator #1/INFO]: UUID of player SRT_SHADOW is 27807e28-542e-31a5-ad21-c6dbb8f27607
[14:43:46] [TAB Processing Thread/INFO]: [TAB] [WARN] Player SRT_SHADOW's group (none) is not in sorting list! Sorting list: owner,admin,mod,helper,builder,vip,default. Player will be sorted on the bottom.
[14:43:46] [Server thread/INFO]: SRT_SHADOW joined the game
[14:43:46] [Server thread/INFO]: SRT_SHADOW[/127.0.0.1:60208] logged in with entity id 1889 at ([world]2727.5043042735388, 78.0, -347.69999998807907)
[14:44:04] [Server thread/INFO]: Removed every effect from SRT_SHADOW
[14:44:36] [Server thread/INFO]: Shop >> ROFIOUS bought 1 x Sheep Spawner(Spawners.page1.items.26) for $45,000.00 with the buy screen.
[14:45:24] [Server thread/INFO]: SRT_SHADOW was slain by ROFIOUS
[14:47:08] [Server thread/INFO]: ROFIOUS issued server command: /shop
[14:47:08] [Thread-11/INFO]: [gg.playit.control.ChannelSetup] send keep alive
[14:47:22] [Server thread/INFO]: Shop >> ROFIOUS bought 64 x Experience Bottle(Miscellaneous.page1.items.11) for $6,908.16 with the buy screen.
[14:49:18] [Thread-11/INFO]: [gg.playit.minecraft.PlayitManager] got new client: NewClient{connectAddr=147.185.221.230:33778, peerAddr=103.68.4.255:56803, claimAddress=209.25.143.2:43784, claimToken=[44, 0, 103, -109, -71, -35, -26, -125, -14, 103, 68, 4, -1, -35, -29, 32, 67, -116, -125, -85, 8, 106, -128, 124, 110, 0, 0, 0, 0, 0, 39, 94, -12, 0, 0, 0, 0, 0, 100, -47, 34, 0, 0, 0, 0, 0, 67, -125, 39, 76, 99, -85, 8, 0, 0, 0, 0, 2, 0, 0, 0, 0, 0, 0, 0, 3, 0, 7, 0, 33, 32, 0, -121, 6, 25, 119, 105, 108, 108, 115, 45, 98, 111, 111, 107, 109, 97, 114, 107, 46, 116, 117, 110, 46, 112, 108, 121, 46, 103, 103, 99, -35, 1, 45, -67, -128, -6, -68, 0, -108, -99, 56, 45, -72, -120, 83, -96, -57, 93], tunnelServerId=0, tunnelId=4424487, dataCenterId=2, portOffset=0}
[14:49:18] [Thread-11/INFO]: [gg.playit.minecraft.PlayitManager] starting tcp tunnel for client
[14:49:18] [Thread-11/INFO]: [gg.playit.minecraft.PlayitTcpTunnel] start connection to /209.25.143.2:43784 to claim client
[14:49:18] [nioEventLoopGroup-2-3/INFO]: [gg.playit.minecraft.PlayitTcpTunnel] connected to tunnel server, sending claim token
[14:49:18] [nioEventLoopGroup-2-3/INFO]: [gg.playit.minecraft.PlayitTcpTunnel] claim token sent
[14:49:18] [nioEventLoopGroup-2-3/INFO]: [gg.playit.minecraft.PlayitTcpTunnel] connection to tunnel server has been established
[14:49:18] [nioEventLoopGroup-2-3/INFO]: [gg.playit.minecraft.PlayitTcpTunnel] connecting to minecraft server at /0.0.0.0:25565
[14:49:18] [nioEventLoopGroup-2-4/INFO]: [gg.playit.minecraft.PlayitTcpTunnel] connected to local minecraft server
[14:49:18] [Netty Epoll Server IO #2/INFO]: [gg.playit.minecraft.PlayitHeaderDecoder] parsed playit header, true client IP: /103.68.4.255:56803
[14:49:18] [Netty Epoll Server IO #2/WARN]: [gg.playit.minecraft.PlayitHeaderDecoder] could not find NetworkManager handler to update address
[14:49:24] [Thread-11/INFO]: [gg.playit.minecraft.PlayitManager] got new client: NewClient{connectAddr=147.185.221.230:33778, peerAddr=103.68.4.255:56813, claimAddress=209.25.143.2:43784, claimToken=[44, 0, 104, -109, -71, -35, -26, -125, -14, 103, 68, 4, -1, -35, -19, -5, -116, -73, 106, -85, 8, 106, -128, 124, 116, 0, 0, 0, 0, 0, 39, 94, -12, 0, 0, 0, 0, 0, 100, -47, 34, 0, 0, 0, 0, 0, 67, -125, 39, -94, 73, -85, 8, 0, 0, 0, 0, 2, 0, 0, 0, 0, 0, 0, 0, 3, 0, 3, 0, 34, 33, 0, -121, 6, 26, 119, 105, 108, 108, 115, 45, 98, 111, 111, 107, 109, 97, 114, 107, 46, 116, 117, 110, 46, 112, 108, 121, 46, 103, 103, 46, -125, -14, 2, -25, 100, -24, -6, -25, 19, -128, -57, 26, -120, -14, -17, -111, 20, 56, -73], tunnelServerId=0, tunnelId=4424487, dataCenterId=2, portOffset=0}
[14:49:24] [Thread-11/INFO]: [gg.playit.minecraft.PlayitManager] starting tcp tunnel for client
[14:49:24] [Thread-11/INFO]: [gg.playit.minecraft.PlayitTcpTunnel] start connection to /209.25.143.2:43784 to claim client
[14:49:24] [nioEventLoopGroup-2-1/INFO]: [gg.playit.minecraft.PlayitTcpTunnel] connected to tunnel server, sending claim token
[14:49:24] [nioEventLoopGroup-2-1/INFO]: [gg.playit.minecraft.PlayitTcpTunnel] claim token sent
[14:49:24] [nioEventLoopGroup-2-1/INFO]: [gg.playit.minecraft.PlayitTcpTunnel] connection to tunnel server has been established
[14:49:24] [nioEventLoopGroup-2-1/INFO]: [gg.playit.minecraft.PlayitTcpTunnel] connecting to minecraft server at /0.0.0.0:25565
[14:49:24] [nioEventLoopGroup-2-2/INFO]: [gg.playit.minecraft.PlayitTcpTunnel] connected to local minecraft server
[14:49:24] [Netty Epoll Server IO #3/INFO]: [gg.playit.minecraft.PlayitHeaderDecoder] parsed playit header, true client IP: /103.68.4.255:56813
[14:49:24] [Netty Epoll Server IO #3/WARN]: [gg.playit.minecraft.PlayitHeaderDecoder] could not find NetworkManager handler to update address
[14:49:24] [User Authenticator #2/INFO]: UUID of player DREAME_KILLAR is 69f3fc4c-a3f2-3669-9976-6ad87c357434
[14:49:25] [Server thread/INFO]: [EconomyShopGUI] [DEBUG]: Detected skin change of DREAME_KILLAR, updating cached skin...
[14:49:25] [Server thread/INFO]: DREAME_KILLAR joined the game
[14:49:25] [TAB Processing Thread/INFO]: [TAB] [WARN] Player DREAME_KILLAR's group (none) is not in sorting list! Sorting list: owner,admin,mod,helper,builder,vip,default. Player will be sorted on the bottom.
[14:49:26] [Server thread/INFO]: DREAME_KILLAR[/127.0.0.1:56476] logged in with entity id 3479 at ([world]2743.1495054166585, 78.0, -362.4376045229868)
[14:50:10] [Server thread/INFO]: DREAME_KILLAR was slain by ROFIOUS
[14:50:20] [Server thread/INFO]: DREAME_KILLAR issued server command: /tpa SRT_SHADOW
[14:50:20] [Server thread/INFO]: ROFIOUS issued server command: /sellgui
[14:50:21] [Server thread/INFO]: SRT_SHADOW issued server command: /sellgui
[14:50:26] [Server thread/INFO]: Shop >> ROFIOUS sold 60x Quartz(Ores.page1.items.21), 54x Spore Blossom(Decoration.page1.items.6), 3x White Wool(Blocks.page6.items.247) for $193.77 with the sell gui.
[14:50:27] [Server thread/INFO]: Shop >> SRT_SHADOW sold 2x Cooked Beef(Food.page1.items.11), 5x Arrow(Mobs.page1.items.1), 51x Spruce Log(Blocks.page5.items.221), 8x Spruce Planks(Blocks.page5.items.222), 2x Cooked Porkchop(Food.page1.items.14), 13x Netherrack(Blocks.page3.items.131), 1x Cookie(Food.page1.items.5), 7x Cooked Chicken(Food.page1.items.12), 8x Dirt(Blocks.page3.items.105) for $67.89 with the sell gui.
[14:50:45] [Server thread/INFO]: DREAME_KILLAR issued server command: /tpa ROFIOUS
[14:51:05] [Server thread/INFO]: SRT_SHADOW issued server command: /tpaccept
[14:51:09] [Thread-11/INFO]: [gg.playit.control.ChannelSetup] send keep alive
[14:51:24] [Server thread/INFO]: SRT_SHADOW was slain by ROFIOUS
[14:51:44] [Server thread/INFO]: ROFIOUS issued server command: /shop
[14:51:55] [Server thread/INFO]: SRT_SHADOW issued server command: /shop
[14:52:09] [Server thread/INFO]: DREAME_KILLAR was slain by ROFIOUS
[14:52:13] [Server thread/INFO]: DREAME_KILLAR was slain by SRT_SHADOW
[14:52:20] [Server thread/INFO]: DREAME_KILLAR was slain by SRT_SHADOW
[14:52:41] [Server thread/INFO]: DREAME_KILLAR was slain by SRT_SHADOW using [GETSUGATENSHO]
[14:52:57] [Server thread/INFO]: DREAME_KILLAR was slain by SRT_SHADOW using [GETSUGATENSHO]
[14:53:00] [Server thread/INFO]: DREAME_KILLAR was slain by ROFIOUS
[14:53:02] [Server thread/INFO]: DREAME_KILLAR was slain by ROFIOUS
[14:53:04] [Server thread/INFO]: DREAME_KILLAR was slain by ROFIOUS
[14:53:07] [Server thread/INFO]: DREAME_KILLAR was slain by ROFIOUS
[14:53:13] [Server thread/INFO]: DREAME_KILLAR was slain by ROFIOUS
[14:53:19] [Server thread/INFO]: DREAME_KILLAR was slain by ROFIOUS
[14:53:23] [Server thread/INFO]: DREAME_KILLAR was slain by ROFIOUS
[14:53:25] [Server thread/INFO]: DREAME_KILLAR was slain by ROFIOUS
[14:53:28] [Server thread/INFO]: DREAME_KILLAR was slain by ROFIOUS
[14:53:29] [Server thread/INFO]: DREAME_KILLAR was slain by ROFIOUS
[14:53:31] [Server thread/INFO]: DREAME_KILLAR was slain by ROFIOUS
[14:53:33] [Server thread/INFO]: DREAME_KILLAR was slain by ROFIOUS
[14:53:36] [Server thread/INFO]: DREAME_KILLAR was slain by ROFIOUS
[14:53:37] [Server thread/INFO]: DREAME_KILLAR was slain by SRT_SHADOW using [GETSUGATENSHO]
[14:53:42] [Server thread/INFO]: DREAME_KILLAR was slain by ROFIOUS
[14:53:44] [Server thread/INFO]: DREAME_KILLAR was slain by ROFIOUS
[14:53:46] [Server thread/INFO]: DREAME_KILLAR was slain by ROFIOUS
[14:53:50] [Server thread/INFO]: DREAME_KILLAR was slain by ROFIOUS
[14:54:03] [Server thread/INFO]: DREAME_KILLAR was slain by SRT_SHADOW
[14:54:04] [Server thread/INFO]: DREAME_KILLAR has made the advancement [Who is Cutting Onions?]
[14:54:08] [Server thread/INFO]: DREAME_KILLAR was slain by SRT_SHADOW
[14:54:11] [Server thread/INFO]: DREAME_KILLAR was slain by ROFIOUS
[14:54:37] [Server thread/INFO]: DREAME_KILLAR was slain by ROFIOUS
[14:55:09] [Server thread/INFO]: DREAME_KILLAR was slain by ROFIOUS
[14:55:10] [Thread-11/INFO]: [gg.playit.control.ChannelSetup] send keep alive
[14:55:11] [Server thread/INFO]: DREAME_KILLAR has made the advancement [Ice Bucket Challenge]
[14:55:18] [Server thread/INFO]: DREAME_KILLAR was slain by SRT_SHADOW using [GETSUGATENSHO]
